// Vitest Snapshot v1, https://vitest.dev/guide/snapshot.html

exports[`EmptyCart > should match snapshot 1`] = `
<div
  class="_notFoundContainer_a509b7"
>
  <h2>
    I am the custom empty cart
    <button>
      Click me
    </button>
    0
  </h2>
</div>
`;
